Ex10_test.h:45:6:updateLEDMatrix	32	static
Ex10_test.h:92:6:shiftMatrixUp	16	static
main.c:63:6:setTimer0	16	static
main.c:68:6:timer_run	4	static
main.c:83:6:setTimer1	16	static
main.c:88:6:timerRun1	4	static
main.c:98:6:setTimer2	16	static
main.c:103:6:timerRun2	4	static
main.c:117:5:main	8	static
main.c:198:6:SystemClock_Config	72	static
main.c:234:13:MX_TIM2_Init	32	static
main.c:279:13:MX_GPIO_Init	32	static
main.c:322:6:HAL_TIM_PeriodElapsedCallback	16	static
main.c:335:6:Error_Handler	4	static,ignoring_inline_asm
